   Compiling proc-macro2 v1.0.107
   Compiling quote v1.0.47
   Compiling unicode-ident v1.0.26
   Compiling libc v0.2.189
   Compiling libm v0.2.16
   Compiling autocfg v1.5.1
   Compiling serde_core v1.0.229
    Checking cfg-if v1.0.5
   Compiling serde v1.0.229
   Compiling fnv v1.0.7
    Checking foldhash v0.2.0
    Checking iana-time-zone v0.1.65
   Compiling shlex v2.0.1
   Compiling find-msvc-tools v0.1.14
    Checking bitflags v2.13.2
   Compiling ident_case v1.0.1
    Checking unicode-width v0.2.2
   Compiling getrandom v0.4.3
    Checking smallvec v1.16.2
   Compiling pkg-config v0.3.34
   Compiling peg-runtime v0.8.6
   Compiling vcpkg v0.2.15
    Checking typed-arena v2.0.2
    Checking equivalent v1.0.2
    Checking arrayvec v0.5.2
    Checking either v1.18.0
    Checking hex v0.4.3
   Compiling thiserror v2.0.21
    Checking lazy_static v1.5.0
   Compiling zerocopy v0.8.59
    Checking fallible-streaming-iterator v0.1.9
    Checking fallible-iterator v0.3.0
   Compiling parking_lot_core v0.9.12
   Compiling zmij v1.0.23
    Checking hashbrown v0.17.1
    Checking scopeguard v1.2.0
   Compiling cc v1.5.1
   Compiling getrandom v0.3.4
    Checking memchr v2.8.3
   Compiling version_check v0.9.5
    Checking lock_api v0.4.14
    Checking arrow-schema v58.4.0
    Checking once_cell v1.21.4
    Checking regex-syntax v0.8.11
   Compiling serde_json v1.0.151
   Compiling crc32fast v1.5.2
   Compiling zeroize v1.9.0
   Compiling log v0.4.34
   Compiling itoa v1.0.18
   Compiling rustix v1.1.5
   Compiling httparse v1.10.1
   Compiling simd-adler32 v0.3.10
   Compiling untrusted v0.9.0
   Compiling num-traits v0.2.19
    Checking lexical-util v1.0.7
   Compiling bytes v1.12.1
    Checking itertools v0.15.0
   Compiling rustls-pki-types v1.15.1
   Compiling adler2 v2.0.1
    Checking powerfmt v0.2.0
   Compiling ahash v0.8.12
   Compiling linux-raw-sys v0.12.1
    Checking num-conv v0.2.2
    Checking pretty v0.12.5
    Checking fixedbitset v0.4.2
    Checking time-core v0.1.9
    Checking deranged v0.5.8
   Compiling rustls v0.23.45
   Compiling rustix v0.38.44
   Compiling miniz_oxide v0.9.1
    Checking tabwriter v1.4.1
    Checking aho-corasick v1.1.5
   Compiling zlib-rs v0.6.8
   Compiling prettyplease v0.2.37
   Compiling base64 v0.23.1
    Checking linux-raw-sys v0.4.15
   Compiling subtle v2.6.1
    Checking bit-vec v0.8.0
   Compiling bumpalo v3.20.3
    Checking lexical-write-integer v1.0.6
    Checking lexical-parse-integer v1.0.6
   Compiling webpki-roots v1.0.9
    Checking indexmap v2.14.2
    Checking hashlink v0.12.2
    Checking bit-set v0.8.0
    Checking pin-project-lite v0.2.17
   Compiling syn v2.0.119
   Compiling syn v3.0.6
   Compiling http v1.1.0
   Compiling utf8-zero v0.8.1
   Compiling zopfli v0.8.3
   Compiling strsim v0.11.1
   Compiling percent-encoding v2.3.2
   Compiling peg-macros v0.8.6
   Compiling semver v1.0.28
    Checking lexical-write-float v1.0.6
    Checking lexical-parse-float v1.0.6
    Checking unicode-segmentation v1.13.3
    Checking ryu v1.0.23
    Checking base64 v0.22.1
    Checking foldhash v0.1.5
   Compiling heck v0.5.0
    Checking cast v0.3.0
    Checking hashbrown v0.15.5
   Compiling rustc_version v0.4.1
    Checking lexical-core v1.0.6
   Compiling getrandom v0.2.17
   Compiling filetime v0.2.29
    Checking errno v0.3.14
    Checking mio v1.2.3
    Checking socket2 v0.6.5
   Compiling mentat v1.10.0 (/home/ec2-user/mentat/crates/sqlite/mentat)
    Checking petgraph v0.6.5
   Compiling libsqlite3-sys v0.38.2
   Compiling ring v0.17.14
    Checking signal-hook-registry v1.4.8
    Checking parking_lot v0.12.5
    Checking hashlink v0.10.0
    Checking crossterm v0.28.1
    Checking num-integer v0.1.47
    Checking num-complex v0.4.6
    Checking atoi v2.0.0
    Checking time v0.3.55
   Compiling ureq-proto v0.6.4
    Checking regex-automata v0.4.18
    Checking comfy-table v7.1.4
    Checking num-bigint v0.4.8
    Checking num-iter v0.1.46
    Checking peg v0.8.6
    Checking uuid v1.25.0
   Compiling xattr v1.6.1
    Checking chrono v0.4.45
    Checking ordered-float v5.5.0
   Compiling tar v0.4.46
    Checking num-rational v0.4.2
    Checking num v0.4.3
   Compiling serde_derive v1.0.229
   Compiling thiserror-impl v2.0.21
   Compiling tokio-macros v2.7.2
    Checking fancy-regex v0.14.0
    Checking regex v1.13.1
   Compiling flate2 v1.1.10
    Checking tokio v1.53.1
   Compiling darling_core v0.21.3
   Compiling synstructure v0.13.2
   Compiling darling_core v0.20.11
   Compiling zip v6.0.0
    Checking sql_traits v0.0.2 (/home/ec2-user/mentat/crates/sqlite/sql-traits)
   Compiling zerocopy-derive v0.8.59
   Compiling gc_derive v0.5.0 (/home/ec2-user/mentat/crates/mino/vendor/gc_derive)
   Compiling strum_macros v0.27.2
   Compiling rustls-webpki v0.103.15
    Checking gc v0.5.1 (/home/ec2-user/mentat/crates/mino/vendor/gc)
    Checking mino-rs v0.14.0 (/home/ec2-user/mentat/crates/mino)
    Checking edn v0.1.0 (/home/ec2-user/mentat/crates/edn)
   Compiling darling_macro v0.20.11
    Checking strum v0.27.2
   Compiling darling v0.20.11
   Compiling duckdb-loadable-macros v1.10505.0
   Compiling darling_macro v0.21.3
   Compiling darling v0.21.3
   Compiling enumset_derive v0.15.0
    Checking enumset v1.1.14
    Checking core_traits v0.0.2 (/home/ec2-user/mentat/crates/core-traits)
    Checking mentat_core v0.0.2 (/home/ec2-user/mentat/crates/core)
    Checking query_algebrizer_traits v0.0.2 (/home/ec2-user/mentat/crates/sqlite/query-algebrizer-traits)
    Checking mentat_script v1.10.0 (/home/ec2-user/mentat/crates/script)
    Checking mentat_query_algebrizer v0.0.2 (/home/ec2-user/mentat/crates/sqlite/query-algebrizer)
   Compiling ureq v3.4.2
    Checking half v2.7.1
    Checking arrow-buffer v58.4.0
   Compiling libduckdb-sys v1.10505.0
    Checking arrow-data v58.4.0
    Checking rusqlite v0.40.2
    Checking arrow-array v58.4.0
    Checking mentat_sql v0.0.2 (/home/ec2-user/mentat/crates/sqlite/sql)
    Checking db_traits v0.0.2 (/home/ec2-user/mentat/crates/sqlite/db-traits)
    Checking mentat_query_sql v0.0.2 (/home/ec2-user/mentat/crates/sqlite/query-sql)
    Checking query_pull_traits v0.0.2 (/home/ec2-user/mentat/crates/sqlite/query-pull-traits)
    Checking mentat_db v0.0.2 (/home/ec2-user/mentat/crates/sqlite/db)
    Checking query_projector_traits v0.0.2 (/home/ec2-user/mentat/crates/sqlite/query-projector-traits)
    Checking public_traits v0.0.2 (/home/ec2-user/mentat/crates/sqlite/public-traits)
    Checking arrow-select v58.4.0
    Checking arrow-row v58.4.0
    Checking arrow-arith v58.4.0
    Checking mentat_query_pull v0.0.2 (/home/ec2-user/mentat/crates/sqlite/query-pull)
    Checking mentat_query_projector v0.0.2 (/home/ec2-user/mentat/crates/sqlite/query-projector)
    Checking mentat_transaction v0.0.2 (/home/ec2-user/mentat/crates/sqlite/transaction)
    Checking arrow-ord v58.4.0
    Checking arrow-string v58.4.0
    Checking arrow-cast v58.4.0
    Checking mentat_sqlite_ext v1.10.0 (/home/ec2-user/mentat/crates/sqlite/ext)
    Checking arrow v58.4.0
    Checking duckdb v1.10505.0
    Checking mentat_duckdb v1.10.0 (/home/ec2-user/mentat/crates/duckdb)
    Finished `dev` profile [unoptimized + debuginfo] target(s) in 9.44s
